// Jest Snapshot v1, https://goo.gl/fbAQLP

exports[`SearchBar should match to snapshoot 1`] = `
<Header
  block={true}
>
  <Grid>
    <GridColumn
      textAlign="center"
      width={2}
    >
      <Icon
        as="i"
        color="orange"
        name="basketball ball"
        size="big"
      />
      <HeaderContent>
        NBA PAIRS
      </HeaderContent>
    </GridColumn>
    <GridColumn
      textAlign="center"
      width="10"
    >
      <Search
        icon="search"
        input="text"
        minCharacters={1}
        noResultsMessage="No results found."
        showNoResults={true}
      />
    </GridColumn>
    <GridColumn
      floated="left"
      width={4}
    >
      <img
        alt="Mach Eight, LLC"
        className="searchbar-match-icon"
        src="//images.squarespace-cdn.com/content/v1/5f7c74b3ebc1ba132269c5a7/1611678115046-8C180XU5WIJ07PA60ADA/mach_8_logo_highlight_full.jpg?format=1500w"
      />
    </GridColumn>
  </Grid>
</Header>
`;
